[    0.000000] Linux ersion 415.0-66-ener (buildd@lgw01-amd64-044) (gcc vrsio7.4.0 (Ubuntu 7.4.0-ubuntu1~8.04.1)) #75-UbuntSMP Tue Oct 1 05:24:09 UTC 2019 (Ubunu 4.15.0-66.75-generic 4.15.18)
[    0.000000] Command line: OOT_IMAGE=/boot/vmlinuz-4.15.0-66-generic root=LABEL=cloudimg-rootfs ro console=tty1 console=ttyS0
[    0.000000] KERNEL supported cpus:
[    0.000000]   Intel GenuineIntel
[    0.000000]   AMD AuthenticAMD
[    0.000000]   Centaur CentaurHauls
[    0.000000] x86/fpu: Supporting XSAVE feature 0x001: 'x87 floating point registers'
[    0.000000] x86/fpu: Supporting XSAVE feature 0x002: 'SSE registers'
[    0.000000] x86/fpu: Supporting XSAVE feature 0x004: 'AVX registers'
[    0.000000] x86/fpu: xstate_offset[2]:  576, xstate_sizes[2]:  256
[    0.000000] x86/fpu: Enabled xstate features 0x7, context size is 832 bytes, using 'standard' format.
[    0.000000] e820: BIOS-provided physical RAM map:
[    0.000000] BIOS-e820: [mem 0x0000000000000000-0x000000000009fbff] usable
[    0.000000] BIOS-e820: em 0x000000000009fc00-0x000000000009ffff] reerved
[    0.000000] BIOS-e820: [mem 0x00000000000f0000-0x00000000000fffff] reserved
[    0.000000] BIOS-e820: [mem 0x0000000000100000-0x000000003ffeffff] usable
[    0.000000] BIOS-e820: [mem 0x000000003fff0000-0x000000003fffffff] ACPI data
[    0.000000] BIOS-e820: [mem 0x00000000fec00000-0x00000000fec00fff] reserved
[    0.000000] BIOS-e820: [mem 0x00000000fee00000-0x00000000fee00fff] reserved
[    0.000000] BIOS-e820: [mem 0x00000000fffc0000-0x00000000ffffffff] reserved
[    0.000000] NX (Execute Disable) protection: active
[    0.000000] SMBIOS 2.5 present.
[    0.000000] DMI: innotek GmbH VirtualBox/VirtualBox, BIOS VirtualBox 12/01/2006
[    0.000000] Hypervisor detected: KVM
[    0.000000] e820: last_pfn = 0x3fff0 max_arch_pfn = 0x400000000
[    0.000000] MTRR: Disabled
[    0.000000] x86/PAT: MTRRs disabled, skipping PAT initialization too.
[    0.000000] CPU MTRRs all blank - virtualized system.
[    0.000000] x86/PAT: Configuration [0-7]: WB  WT  UC- UC  WB  WT  UC- UC  
[    0.000000] found SMP MP-table at [mem 0x0009fff0-0x0009ffff]
[    0.000000] Scanning 1 areas for low memory corruption
[    0.000000] RAMDISK: [mem 0x35a89000-0x36d3bfff]
[    0.000000] ACPI: Early table checksum verification disabled
[    0.000000] ACPI: RSDP 0x00000000000E0000 000024 (v02 VBOX  )
[    0.000000] ACPI: XSDT 0x000000003FFF0030 00003C (v01 VBOX   VBOXXSDT 00000001 ASL  00000061)
[    0.000000] ACPI: FACP 0x000000003FFF00F0 0000F4 (v04 VBOX   VBOXFACP 00000001 ASL  00000061)
[    0.000000] ACPI: DSDT 0x000000003FFF0470 0021FF (v02 VBOX   VBOXBIOS 00000002 INTL 20180105)
[    0.000000] ACPI: FACS 0x000000003FFF0200 000040
[    0.000000] ACPI: FACS 0x000000003FFF0200 000040
[    0.000000] ACPI: API 0x00000003FFF0240 00005(v02 VBO   VBOXAPIC 00000001 ASL  00000061)
[    0.00000] ACPI SSDT 0x000000003FFF02A0 0001CC v01 VBOX  VBOXCPUT 00000002 INTL 20180105)
[    0.00000No NUMA configuration found
[    0.000000] Faking a node at mem 0x0000000000000000-00000003ffeffff]
[    0.000000] NODE_DATA(0) allocated [mem 0x3ffc5000-0x3ffeffff]
[    0.000000] kvm-clock: cpu 0, msr 0:3ff44001, primary cpu clock
[    0.000000] kvm-clock: Using msrs 4b564d01 and 4b564d00
[    0.000000] kvm-clock: using sched offset of 3534637618 cycles
[    0.000000] clocksource: kvm-clock: mask: 0xffffffffffffff max_cycles: 0x1cd4e4df, max_le_ns: 881590591483 ns
    000000Zone ranges:
[    0.00000]   DMA      [mem 0x0000000000001000-0x0000000000ffffff][    000000]   DMA32    [mem 0x0000000000000-0x000000003ffeffff]
[  0.0000]   Nmal   empty
[    0.000000]   Device   empty
   0.000000] Movable zone start for each node
[    0.000000] Early memory node range
[   0.00000]   node   0: [mem 0x0000000000001000-0x000000000efff]
[    0.000000]   node   0: [mm 0x0000000001000-0x000000003ffeffff]
[    0.0000] Rerved b unavailable: 98ages
    .000000] Initmem setup node 0 [mem 0x0000000000001000-0x000000003ffeffff]
[    0.000000] ACPI: PM-Timer IO Port: 0x4008
[    0.000000] IOAPIC[0]: apic_id 2, version 32, address 0xfec00000, GSI 0-23
[    0.000000] ACPI: INT_SRC_OVR (bus 0 bus_irq 0 global_irq 2 dfl dfl)
[    0.000000] ACPI: INT_SRC_OVR (bus 0 bus_irq 9 global_irq 9 low level)
[    0.000000] Using ACPI (MADT) for SMP configuration information
[    0.000000] smpboot: Allowing 2 CPUs, 0 hotplug CPUs
[    0.000000] PM: Registered nosave memory: [mem 0x00000000-0x00000fff]
[    0.000000] PM: Registered nosave memory: [mem 0x0009f000-0x0009ffff]
[    0.000000] PM: Registered nosave memory: [mem 0x000a0000-0x000effff]
[    0.000000] PM: Registered nosave memory: [mem 0x000f0000-0x000fffff]
[    0.000000] e820: [mem 0x40000000-0xfebfffff] available for PCI devices
[    0.000000] Booting paravirtualized kernel on KVM
[    0.000000] clocksource: refined-jiffies: mask: 0xffffffff max_cycles: 0xffffffff, max_idle_ns: 7645519600211568 ns
[    0.000000] random: get_random_bytes called from start_kernel+0x99/0x4fd with crng_init=0
[    0.000000] setup_percpu: NR_CPUS:19 nr_cpumask_bits nr_cpu_ids:2 nr_node_ids:1
[    0.000000] percpu: Embedded 46 pages/cpu s151552 r8192 d28672 u1048576
[    0.000000] PV qspinlock hash table entries: 256 (order: 0, 4096 bytes)
[    0.000000] Built 1 zonelists, mobility grouping on.  Total pages: 257913
[    0.000000] Policy zone: DMA32
[    0.000000] Kernel command line: BOOT_IMAGE=/boot/vmlinuz-4.15.0-66-generic root=LABEL=cloudimg-rootfs ro console=tty1 console=ttyS0
[    0.000000] Memory: 983432K/1048120K available (12300K kernel code, 2481K rwdata, 4260K rodata, 2436K init, 2388K bss, 64688K reserved, 0K cma-reserved)
[    0.000000] SLUB: HWalign=64, Order=0-3, MinObjects=0, CPUs=2, Nodes=1
[    0.000000] Kernel/User page tables isolation: enabled
[    0.000000] ftrace: allocating 39306 entries in 154 pages
[    0.004000] Hierarchical RCU implementation.
[    0.004000] 	RCU restricting CPUs from NR_CPUS=8192 to nr_cpu_ids=2.
[    0.004000] 	Tasks RCU enabled.
[    0.004000] RCU: Adjusting geometry for rcu_fanout_leaf=16, nr_cpu_ids=2
[    0.004000] NR_IRQS: 524544, nr_irqs: 440, preallocated irqs: 16
[    0.004000] Console: colour VGA+ 80x25
[    0.004000] console [tty1] enabled
[    0.004000] console [ttyS0] enabled
[    0.004000] ACPI: Core revision 20170831
[    0.004000] ACPI: 2 ACPI AML tables successfully acquired and loaded
[    0.004000] APIC: Switch to symmetric I/O mode setup
[    0.004248] x2apic enabled
[    0.008003] Switched APIC routing to physical x2apic.
[    0.016848] ..TIMER: vector=0x30 apic1=0 pin1=2 apic2=-1 pin2=-1
[    0.020003] tsc: Detected 3192.000 MHz processor
[    0.024012] Calibrating delay loop (skipped) preset value.. 6384.00 BogoMIPS (lpj=12768000)
[    0.028007] pid_max: default: 32768 minimum: 301
[    0.032034] Security Framework initialized
[    0.036003] Yama: becoming mindful.
[    0.036488] AppArmor: AppArmor initialized
[    0.037506] Dentry cache hash table entries: 131072 (order: 8, 1048576 bytes)
[    0.038413] Inode-cache hash table entries: 65536 (order: 7, 524288 bytes)
[    0.039247] Mount-cache hash table entries: 2048 (order: 2, 16384 bytes)
[    0.040004] Mountpoint-cache hash table entries: 2048 (order: 2, 16384 bytes)
[    0.041104] Last level iTLB entries: 4KB 128, 2MB 8, 4MB 8
[    0.041768] Last level dTLB entries: 4KB 64, 2MB 0, 4MB 0, 1GB 4
[    0.042509] Spectre V1 : Mitigation: usercopy/swapgs barriers and __user pointer sanitization
[    0.043570] Spectre V2 : Mitigation: Full generic retpoline
[    0.044004] Spectre V2 : Spectre v2 / SpectreRSB mitigation: Filling RSB on context switch
[    0.048004] Speculative Store Bypass: Vulnerable
[    0.052042] MDS: Mitigation: Clear CPU buffers
[    0.052759] Freeing SMP alternatives memory: 36K
[    0.164216] smpboot: CPU0: Intel(R) Core(TM) i5-6500 CPU @ 3.20GHz (family: 0x6, model: 0x5e, stepping: 0x3)
[    0.168074] Performance Events: unsupported p6 CPU model 94 no PMU driver, software events only.
[    0.172054] Hierarchical SRCU implementation.
[    0.176246] NMI watchdog: Perf event create on CPU 0 failed with -2
[    0.180002] NMI watchdog: Perf NMI watchdog permanently disabled
[    0.184050] smp: Bringing up secondary CPUs ...
[    0.188087] x86: Booting SMP configuration:
[    0.188677] .... node  #0, CPUs:      #1
[    0.004000] kvm-clock: cpu 1, msr 0:3ff44041, secondary cpu clock
[    0.192018] smp: Brought up 1 node, 2 CPUs
[    0.196022] smpboot: Max logical packages: 1
[    0.200005] smpboot: Total of 2 processors activated (12768.00 BogoMIPS)
[    0.204140] devtmpfs: initialized
[    0.208045] x86/mm: Memory block size: 128MB
[    0.208734] evm: security.selinux
[    0.209198] evm: security.SMACK64
[    0.209658] evm: security.SMACK64EXEC
[    0.210163] evm: security.SMACK64TRANSMUTE
[    0.212003] evm: security.SMACK64MMAP
[    0.212526] evm: security.apparmor
[    0.216002] evm: security.ima
[    0.220002] evm: security.capability
[    0.224090] clocksource: jiffies: mask: 0xffffffff max_cycles: 0xffffffff, max_idle_ns: 7645041785100000 ns
[    0.228008] futex hash table entries: 512 (order: 3, 32768 bytes)
[    0.229178] pinctrl core: initialized pinctrl subsystem
[    0.232060] RTC time: 17:57:20, date: 11/12/19
[    0.236179] NET: Registered protocol family 16
[    0.240064] audit: initializing netlink subsys (disabled)
[    0.240746] audit: type=2000 audit(1573581433.598:1): state=initialized audit_enabled=0 res=1
[    0.241119] cpuidle: using governor ladder
[    0.241119] cpuidle: using governor menu
[    0.241119] ACPI: bus type PCI registered
[    0.244003] acpiphp: ACPI Hot Plug PCI Controller Driver version: 0.5
[    0.244875] PCI: Using configuration type 1 for base access
[    0.252083] HugeTLB registered 2.00 MiB page size, pre-allocated 0 pages
[    0.252842] ACPI: Added _OSI(Module Device)
[    0.252842] ACPI: Added _OSI(Processor Device)
[    0.253225] ACPI: Added _OSI(3.0 _SCP Extensions)
[    0.253819] ACPI: Added _OSI(Processor Aggregator Device)
[    0.254486] ACPI: Added _OSI(Linux-Dell-Video)
[    0.256002] ACPI: Added _OSI(Linux-Lenovo-NV-HDMI-Audio)
[    0.256644] ACPI: Added _OSI(Linux-HPI-Hybrid-Graphics)
[    0.257485] ACPI: Executed 1 blocks of module-level executable AML code
[    0.261446] ACPI: Interpreter enabled
[    0.261930] ACPI: (supports S0 S5)
[    0.262414] ACPI: Using IOAPIC for interrupt routing
[    0.263194] PCI: Using host bridge windows from ACPI; if necessary, use "pci=nocrs" and report a bug
[    0.264124] ACPI: Enabled 2 GPEs in block 00 to 07
[    0.269529] ACPI: PCI Root Bridge [PCI0] (domain 0000 [bus 00-ff])
[    0.270333] acpi PNP0A03:00: _OSC: OS supports [ASPM ClockPM Segments MSI]
[    0.271165] acpi PNP0A03:00: _OSC: not requesting OS control; OS requires [ExtendedConfig ASPM ClockPM MSI]
[    0.272009] acpi PNP0A03:00: fail to add MMCONFIG information, can't access extended PCI configuration space under this bridge.
[    0.273616] PCI host bridge to bus 0000:00
[    0.274132] pci_bus 0000:00: root bus resource [io  0x0000-0x0cf7 window]
[    0.274996] pci_bus 0000:00: root bus resource [io  0x0d00-0xffff window]
[    0.276002] pci_bus 0000:00: root bus resource [mem 0x000a0000-0x000bffff window]
[    0.276910] pci_bus 0000:00: root bus resource [mem 0x40000000-0xfdffffff window]
[    0.277817] pci_bus 0000:00: root bus resource [bus 00-ff]
[    0.280163] pci 0000:00:01.1: legacy IDE quirk: reg 0x10: [io  0x01f0-0x01f7]
[    0.280997] pci 0000:00:01.1: legacy IDE quirk: reg 0x14: [io  0x03f6]
[    0.281763] pci 0000:00:01.1: legacy IDE quirk: reg 0x18: [io  0x0170-0x0177]
[    0.282619] pci 0000:00:01.1: legacy IDE quirk: reg 0x1c: [io  0x0376]
[    0.295155] pci 0000:00:07.0: quirk: [io  0x4000-0x403f] claimed by PIIX4 ACPI
[    0.296024] pci 0000:00:07.0: quirk: [io  0x4100-0x410f] claimed by PIIX4 SMB
[    0.304873] ACPI: PCI Interrupt Link [LNKA] (IRQs 5 9 10 *11)
[    0.308288] ACPI: PCI Interrupt Link [LNKB] (IRQs 5 9 *10 11)
[    0.312097] ACPI: PCI Interrupt Link [LNKC] (IRQs 5 *9 10 11)
[    0.316111] ACPI: PCI Interrupt Link [LNKD] (IRQs 5 9 10 *11)
[    0.317271] SCSI subsystem initialized
[    0.318852] pci 0000:00:02.0: vgaarb: setting as boot VGA device
[    0.318852] pci 0000:00:02.0: vgaarb: VGA device added: decodes=io+mem,owns=io+mem,locks=none
[    0.320014] pci 0000:00:02.0: vgaarb: bridge control possible
[    0.324010] vgaarb: loaded
[    0.328087] ACPI: bus type USB registered
[    0.332027] usbcore: registered new interface driver usbfs
[    0.336011] usbcore: registered new interface driver hub
[    0.340027] usbcore: registered new device driver usb
[    0.344088] EDAC MC: Ver: 3.0.0
[    0.352048] PCI: Using ACPI for IRQ routing
[    0.356227] NetLabel: Initializing
[    0.360005] NetLabel:  domain hash size = 128
[    0.364003] NetLabel:  protocols = UNLABELED CIPSOv4 CALIPSO
[    0.368026] NetLabel:  unlabeled traffic allowed by default
[    0.372135] clocksource: Switched to clocksource kvm-clock
[    0.546181] VFS: Disk quotas dquot_6.6.0
[  0449]FS: Dquot-cache hashab eri: 12orer 0, 4096 bytes)
[  1615]ppArmor: ppmoFisyemnaed
[  1320]npPnACPI init

[    1.987323] pnp: PnP ACPI: found 3 devices
[    2.001045] clocksource: acpi_pm: mask: 0xffffff max_cycles: 0xffffff, max_idle_ns: 2085701024 ns
[    2.002318] NET: Registered protocol family 2
[    2.003037] TCP established hash table entries: 8192 (order: 4, 65536 bytes)
[    2.004017] TCPinha tlentes81 (de 51372yt)    2.688623] TCP: Hash tables configured (established 8192 bind 8192)
[    2.854516] UDP hash table entries: 512 (order: 2, 16384 bytes)
[    2.855255] UDP-Lite hash table entries: 512 (order: 2, 16384 bytes
[  2982]NET: Registerd otolamy 
[  3823]ci00000. Litg irect PCI/PCI transfers
[    3.744324] pci 0000:00:01.0: Activating ISA DMA hanwoarnd
[  3149]ci0000:00:02.0: Video devceith shadowed ROM at [mem 0x000c0000-0x000dffff]
[    4.414481] Unpacking initramfs...
[    4.826370] Freeing initrd memory: 19148K
[    4.969403] clocksource: tsc: mask: 0xffffffffffffffff max_cycles: 0x2e02c4a121d, max_idle_ns: 440795236083 ns
[    5.273574] platform rtc_cmos: registered platform RTC device (no PNP device found)
[    5.534901] Scanning for low memory corruption every 60 seconds
[    5.741949] Initialise system trusted keyrings
[    5.869530] Key type blacklist registered
[    5.940214] workingset: timestamp_bits=36 max_order=18 bucket_order=0
[    5.941909] zbud: loaded
[    5.942795] squashfs: version 4.0 (2009/01/31) Phillip Lougher
[    5.943845] fuse init (API version 7.26)
[    5.946526] Key type asymmetric registered
[    5.947068] Asymmetric key parser 'x509' registered
[    6.028377] Block layer SCSI generic (bsg) driver version 0.4 loaded (major 246)
[    6.213585] io scheduler noop registered
[    6.214128] io scheduler deadline registered
[    6.214732] io scheduler cfq registered (default)
[    6.215605] ACPI: AC Adapter [AC] (on-line)
[    6.221071] input: Power Button as /devices/LNXSYSTM:00/LNXPWRBN:00/input/input0
[    6.233735] ACPI: Power Button [PWRF]
[    6.240451] input: Sleep Button as /devices/LNXSYSTM:00/LNXSLPBN:00/input/input1
[    6.241387] ACPI: Sleep Button [SLPF]
[    6.242275] Serial: 8250/16550 driver, 32 ports, IRQ sharing enabled
[    6.264838] 00:02: ttyS0 at I/O 0x3f8 (irq = 4, base_baud = 115200) is a 16550A
[    6.483219] Linux agpgart interface v0.103
[    6.604268] loop: module loaded
[    6.695121] scsi host0: ata_piix
[    6.791902] scsi host1: ata_piix
[    6.880243] ata1: PATA max UDMA/33 cmd 0x1f0 ctl 0x3f6 bmdma 0xd000 irq 14
[    7.077781] ata2: PATA max UDMA/33 cmd 0x170 ctl 0x376 bmdma 0xd008 irq 15
[    7.274863] libphy: Fixed MDIO Bus: probed
[    7.283357] tun: Universal TUN/TAP device driver, 1.6
[    7.298726] PPP generic driver version 2.4.2
[    7.300485] ehci_hcd: USB 2.0 'Enhanced' Host Controller (EHCI) Driver
[    7.301307] ehci-pci: EHCI PCI platform driver
[    7.301907] ehci-platform: EHCI generic platform driver
[    7.302583] ohci_hcd: USB 1.1 'Open' Host Controller (OHCI) Driver
[    7.303392] ohci-pci: OHCI PCI platform driver
[    7.303965] ohci-platform: OHCI generic platform driver
[    7.304636] uhci_hcd: USB Universal Host Controller Interface driver
[    7.305428] i8042: PNP: PS/2 Controller [PNP0303:PS2K,PNP0f03:PS2M] at 0x60,0x64 irq 1,12
[    7.306788] serio: i8042 KBD port at 0x60,0x64 irq 1
[    7.307470] serio: i8042 AUX port at 0x60,0x64 irq 12
[    7.308334] mousedev: PS/2 mouse device common for all mice
[    7.309694] input: AT Translated Set 2 keyboard as /devices/platform/i8042/serio0/input/input2
[    7.316080] rtc_cmos rtc_cmos: rtc core: registered rtc_cmos as rtc0
[    8.283260] rtc_cmos rtc_cmos: alarms up to one day, 114 bytes nvram
[    8.345177] i2c /dev entries driver
[    8.350153] device-mapper: uevent: version 1.0.3
[    8.352422] device-mapper: ioctl: 4.37.0-ioctl (2017-09-20) initialised: dm-devel@redhat.com
[    8.353695] ledtrig-cpu: registered to indicate activity on CPUs
[    8.36394]]NNET: Registered protocol family 10
[    8.527055] Segment Ruuting with IPv6
[    8.673133] NET: Registered protocol family 17
[    8.673824] Key type dns_resolver registered
[    8.674622] mce: Using 0 MCE banks
[    8.675096] RAS: Correctable Errors collector initialized.
[    8.675811] sched_clock: Marking stable (8674577161, 0)->(22398161907, -13723584746)
[    8.677450] registered taskstats version 1
[    8.677981] Loading compiled-in X.509 certificates
[    8.680529] Loaded X.509 cert 'Build time autogenerated kernel key: 01a66adcc10ca4ce7676a3458c33483b0e2b806e'
[    8.681731] zswap: loaded using pool lzo/zbud
[    86655343] Key type big_key registered
[    8.783262] Key type trusted registered
[    ..885593] Key type encrypted registered
[    8.935241] AppArmor: AppArmor sha1 policy hashing enabled
[    8.936014] ima: No TPM chip found, activating TPM-bypass! (rc=-19)
[    8.936802] ima: Allocated hash algorithm: sha1
[    8.937394] evm: HMAC attrs: 0x1
[    8.937959]   Magic number: 11:179:997
[    8.938543] rtc_cmos rtc_cmos: setting system clock to 2019-11-12 17:57:31 UTC (1573581451)
[    8.939784] BIOS EDD facility v0.16 2004-Jun-25, 0 devices found
[    8.940567] EDD information not available.
[    8.943336] Freeing unused kernel image memory: 2436K
[    8.956286] Write protecting the kernel read-only data: 20480k
[    9.054138] Freeing unused kernel image memory: 2008K
[    9.055257] Freeing unused kernel image memory: 1884K
[    9.060976] x86/mm: Checked W+X mappings: passed, no W+X pages found.
[    9.103335] x86/mm: Checking user space page tables
[    9.108750] x86/mm: Checked W+X mappings: passed, no W+X pages found.
Loading, please wait...
starting version 237
[    9.156990] Fusion MPT base driver 3.04.20
[    9.303106] Copyright (c) 1999-2008 LSI Corporation
[    9.404421] Fusion MPT SPI Host driver 3.04.20
[    9.414535] mptbase: ioc0: Initiating bringup
[    9.418320] e1000: Intel(R) PRO/1000 Network Driver - version 7.3.21-k8-NAPI
[    9.423110] e1000: Copyright (c) 1999-2006 Intel Corporation.
[    9.427234] AVX2 version of gcm_enc/dec engaged.
[    9.427927] AES CTR mode by8 optimization enabled
[    9.512689] ioc0: LSI53C1030 A0: Capabilities={Initiator}
[    9.605343] input: ImExPS/2 Generic Explorer Mouse as /devices/platform/i8042/serio1/input/input4
[   10.475184] scsi host2: ioc0: LSI53C1030 A0, FwRev=00000000h, Ports=1, MaxQ=256, IRQ=20
[   10.669084] scsi 2:0:0:0: Direct-Access     VBOX     HARDDISK         1.0  PQ: 0 ANSI: 5
[   10.972550] scsi target2:0:0: Beginning Domain Validation
[   11.057715] scsi target2:0:0: Domain Validation skipping write tests
[   11.058515] scsi target2:0:0: Ending Domain Validation
[   11.059210] scsi target2:0:0: asynchronous
[   11.060024] scsi 2:0:1:0: Direct-Access     VBOX     HARDDISK         1.0  PQ: 0 ANSI: 5
[   11.268731] scsi target2:0:1: Beginning Domain Validation
[   11.296307] e1000 0000:00:03.0 eth0: (PCI:33MHz:32-bit) 02:8e:72:66:23:f8
[   11.522808] random: fast init done
[   11.556832] e1000 0000:00:03.0 eth0: Intel(R) PRO/1000 Network Connection
[   11.557899] scsi target2:0:1: Domain Validation skipping write tests
[   11.558393] random: systemd-udevd: uninitialized urandom read (16 bytes read)
[   11.559126] scsi target2:0:1: Ending Domain Validation
[   11.560043] random: systemd-udevd: uninitialized urandom read (16 bytes read)
[   11.560751] scsi target2:0:1: asynchronous
[   11.561642] random: systemd-udevd: uninitialized urandom read (16 bytes read)
[   11.722011] e1000 0000:00:03.0 enp0s3: renamed from eth0
[   11.723664] sd 2:0:0:0: Attached scsi generic sg0 type 0
[   12.241454] sd 2:0:0:0: [sda] 20971520 512-byte logical blocks: (10.7 GB/10.0 GiB)
[   12.458465] sd 2:0:0:0: [sda] Write Protect is off
[   12.459119] sd 2:0:1:0: Attached scsi generic sg1 type 0
[   12.581702] sd 2:0:1:0: [sdb] 20480 512-byte logical blocks: (10.5 MB/10.0 MiB)
[   12.581767] sd 2:0:0:0: [sda] Incomplete mode parameter data
[   12.603427] sd 2:0:0:0: [sda] Assuming drive cache: write through
[   12.605320] sd 2:0:1:0: [sdb] Write Protect is off
[   12.605878]  sda: sda1
[   12.606698] sd 2:0:0:0: [sda] Attached SCSI disk
[   12.606742] sd 2:0:1:0: [sdb] Incomplete mode parameter data
[   13.293123] sd 2:0:1:0: [sdb] Assuming drive cache: write through
[   13.320882] sd 2:0:1:0: [sdb] Attached SCSI disk
Begin: Loading essential drivers ... [   15.044280] raid6: sse2x1   gen() 12132 MB/s
[   15.262909] raid6: sse2x1   xor()  9923 MB/s
[   15.442890] raid6: sse2x2   gen() 16014 MB/s
[   15.600376] raid6: sse2x2   xor() 10004 MB/s
[   15.842966] raid6: sse2x4   gen() 16804 MB/s
[   15.892943] raid6: sse2x4   xor() 10780 MB/s
[   16.002945] raid6: avx2x1   gen() 26041 MB/s
[   16.484012] raid6: avx2x1   xor() 15769 MB/s
[   16.564599] raid6: avx2x2   gen() 30808 MB/s
[   16.877231] raid6: avx2x2   xor() 17513 MB/s
[   16.933141] raid6: avx2x4   gen() 37461 MB/s
[   17.088489] raid6: avx2x4   xor() 20981 MB/s
[   17.523168] raid6: using algorithm avx2x4 gen() 37461 MB/s
[   17.913256] raid6: .... xor() 20981 MB/s, rmw enabled
[   17.913928] raid6: using avx2x2 recovery algorithm
[   17.915795] xor: automatically using best checksumming function   avx       
[   17.942792] async_tx: api initialized (async)
done.
Begin: Running /scripts/init-premount ... done[   18.000056] Btrfs loaded, crc32c=crc32c-intel
.
Begin: Mounting root file system ... Begin: Running /scripts/local-top ... done.
Begin: Runn[   18.165454] EXT4-fs (sda1): INFO: recovery required on readonly filesystem
ing /scripts/local-premount ... [   18.363987] EXT4-fs (sda1): write access will be enabled during recovery
Scanning for Btrfs filesystems
done.
Warning: fsck not present, so skipping root file system
[   18.573313] EXT4-fs (sda1): recovery complete
[   18.773744] EXT4-fs (sda1): mounted filesystem with ordered data mode. Opts: (null)
done.
Begin: Running /scripts/local-bottom ... done.
Begin: Running /scripts/init-bottom ... done.
[   19.247458] ip_tables: (C) 2000-2006 Netfilter Core Team
[   19.555152] systemd[1]: systemd 237 running in system mode. (+PAM +AUDIT +SELINUX +IMA +APPARMOR +SMACK +SYSVINIT +UTMP +LIBCRYPTSETUP +GCRYPT +GNUTLS +ACL +XZ +LZ4 +SECCOMP +BLKID +ELFUTILS +KMOD -IDN2 +IDN -PCRE2 default-hierarchy=hybrid)
[   20.103742] systemd[1]: Detected virtualization oracle.
[   20.323242] systemd[1]: Detected architecture x86-64.

Welcome to [1mUbuntu 18.04.3 LTS[0m!

[   20.952399] systemd[1]: Set hostname to <ubuntu1>.
[   21.607500] random: crng init done
[   21.863094] random: 7 urandom warning(s) missed due to ratelimiting
[   22.437548] systemd[1]: Set up automount Arbitrary Executable File Formats File System Automount Point.
[[0;32m  OK  [0m] Set up automount Arbitrary Executabâ€¦rmats File System Automount Point.
[   23.605241] systemd[1]: Reached target System Time Synchronized.
[[0;32m  OK  [0m] Reached target System Time Synchronized.
[   23.608143] systemd[1]: Created slice User and Session Slice.
[[0;32m  OK  [0m] Created slice User and Session Slice.
[   23.610924] systemd[1]: Created slice System Slice.
[[0;32m  OK  [0m] Created slice System Slice.
[   23.612306] systemd[1]: Listening on Device-mapper event daemon FIFOs.
[[0;32m  OK  [0m] Listening on Device-mapper event daemon FIFOs.
[   23.613894] systemd[1]: Reached target Slices.
[[0;32m  OK  [0m] Reached target Slices.
[[0;32m  OK  [0m] Listening on LVM2 metadata daemon socket.
[[0;32m  OK  [0m] Listening on /dev/initctl Compatibility Named Pipe.
[[0;32m  OK  [0m] Listening on Journal Socket.
         Starting Create list of required stâ€¦ce nodes for the current kernel...
         Starting Set the console keyboard layout...
         Starting Load Kernel Modules...
[   23.675832] Loading iSCSI transport class v2.0-870.
         Starting Monitoring of LVM2 mirrorsâ€¦n[   23.848115] iscsi: registered transport (tcp)
g dmeventd or progress polling...
[[0;32m  OK  [0m] Reached target User and Group Name Lookups.
[[0;32m  OK  [0m] Listening on LVM2 poll daemon socket.
[[0;32m  OK  [0m] Listening on Journal Socket (/dev/log).
         Mounting Huge Pages File System...
[[0;32m  OK  [0m] Listening on Syslog Socket.
[[0;32m  OK  [0m] Started Forward Password Requests to Wall Directory Watch.
[[0;32m  OK  [0m] Listening on Network Service Netlink Socket.
[[0;32m  OK  [0m] Listening on udev Kernel Socket.
         Mounting POSIX Message Queue File System...
         Starting Uncomplicated firewall...
[[0;32m  OK  [0m] Created slice system-serial\x2dgetty.slice.
         Mounting Kernel Debug File System...
[[0;32m  OK  [0m] Reached target Swap.
[[0;32m  OK  [0m] Listening on Journal Audit Socket.
         Startin[   24.150198] iscsi: registered transport (iser)
g Journal Service...
         Starting Remount Root and Kernel File Systems...
[[0;32m  OK  [0m] Listening on udev Control Socket.
         Starting udev Coldplug all Devices...
[[0;32m  OK  [0m] Started Create list of required staâ€¦vice nodes for the current kernel.
[[0;32m  OK  [0m] Started Load Kernel Modules.
[[0;32m  OK  [0m] Mounted Huge Pages File System.
[[0;32m  OK  [0m] Mounted POSIX Message Queue File System.
[   24.364182] EXT4-fs (sda1): re-mounted. Opts: (null)
[[0;32m  OK  [0m] Started Journal Service.
[[0;32m  OK  [0m] Started Uncomplicated firewall.
[[0;32m  OK  [0m] Mounted Kernel Debug File System.
[[0;32m  OK  [0m] Started Remount Root and Kernel File Systems.
[[0;32m  OK  [0m] Started LVM2 metadata daemon.
         Starting Load/Save Random Seed...
         Starting Flush Journal to Persistent Storage...
         Starting Apply Kernel Variables...
         Mounting Kernel Configuration File System...
         Mounting FUSE Control File System...
         Starting Create Static Device Nodes in /dev...
[[0;32m  OK  [0m] Started udev Coldplug all Devices.
[[0;32m  OK  [0m] Started Monitoring of LVM2 mirrors,â€¦sing dmeventd or progress polling.
[[0;32m  OK  [0m] Started Load/Save Random Seed.
[[0;32m  OK  [0m] Mounted Kernel Configuration File System.
[[0;32m  OK  [0m] Mounted FUSE Control File System.
[[0;32m  OK  [0m] Started Apply Kernel Variables.
[[0;32m  OK  [0m] Started Create Static Device Nodes in /dev.
         Starting udev Kernel Device Manager...
[[0;32m  OK  [0m] Started Flush Journal to Persistent Storage.
[[0;32m  OK  [0m] Started udev Kernel Device Manager.
[[0;32m  OK  [0m] Found device /dev/ttyS0.
[[0;32m  OK  [0m] Listening on Load/Save RF Kill Switch Status /dev/rfkill Watch.
[[0;32m  OK  [0m] Started Set the console keyboard layout.
[[0;32m  OK  [0m] Started Dispatch Password Requests to Console Directory Watch.
[[0;32m  OK  [0m] Reached target Local Encrypted Volumes.
[[0;32m  OK  [0m] Reached target Local File Systems (Pre).
[[0;32m  OK  [0m] Reached target Local File Systems.
         Starting Tell Plymouth To Write Out Runtime Data...
         Starting Create Volatile Files and Directories...
         Starting Set console font and keymap...
         Starting AppArmor initialization...
         Starting ebtables ruleset management...
[[0;32m  OK  [0m] Started Tell Plymouth To Write Out Runtime Data.
[[0;32m  OK  [0m] Started Create Volatile Files and Directories.
[[0;32m  OK  [0m] Started Set console font and keymap.
         Starting Update UTMP about System Boot/Shutdown...
[[0;32m  OK  [0m] Started Update UTMP about System Boot/Shutdown.
[[0;32m  OK  [0m] Started ebtables ruleset management.
[[0;32m  OK  [0m] Started AppArmor initialization.
         Starting Initial cloud-init job (pre-networking)...
[   28.374697] cloud-init[738]: Cloud-init v. 19.2-36-g059d049c-0ubuntu2~18.04.1 running 'init-local' at Tue, 12 Nov 2019 17:57:50 +0000. Up 28.02 seconds.
[[0;32m  OK  [0m] Started Initial cloud-init job (pre-networking).
[[0;32m  OK  [0m] Reached target Network (Pre).
         Starting Network Service...
[[0;32m  OK  [0m] Started Network Service.
         Starting Network Name Resolution...
         Starting Wait for Network to be Configured...
[[0;32m  OK  [0m] Started Network Name Resolution.
[[0;32m  OK  [0m] Reached target Network.
[[0;32m  OK  [0m] Reached target Host and Network Name Lookups.
[[0;32m  OK  [0m] Started Wait for Network to be Configured.
         Starting Initial cloud-init job (metadata service crawler)...
[   30.333626] cloud-init[859]: Cloud-init v. 19.2-36-g059d049c-0ubuntu2~18.04.1 running 'init' at Tue, 12 Nov 2019 17:57:52 +0000. Up 30.20 seconds.
[   30.398342] cloud-init[859]: ci-info: ++++++++++++++++++++++++++++++++++++++Net device info++++++++++++++++++++++++++++++++++++++
[   30.413699] cloud-init[859]: ci-info: +--------+------+----------------------------+---------------+--------+-------------------+
[   30.436292] cloud-init[859]: ci-info: | Device |  Up  |          Address           |      Mask     | Scope  |     Hw-Address    |
[   30.480445] cloud-init[859]: ci-info: +--------+------+----------------------------+---------------+--------+-------------------+
[   30.503438] cloud-init[859]: ci-info: | enp0s3 | True |         10.0.2.15          | 255.255.255.0 | global | 02:8e:72:66:23:f8 |
[   30.572257] cloud-init[859]: ci-info: | enp0s3 | True | fe80::8e:72ff:fe66:23f8/64 |       .       |  link  | 02:8e:72:66:23:f8 |
[   30.591002] cloud-init[859]: ci-info: |   lo   | True |         127.0.0.1          |   255.0.0.0   |  host  |         .         |
[   30.592881] cloud-init[859]: ci-info: |   lo   | True |          ::1/128           |       .       |  host  |         .         |
[   30.594638] cloud-init[859]: ci-info: +--------+------+----------------------------+---------------+--------+-------------------+
[[0;32m  OK  [0m] Started Initial cloud-init job (metadata service crawler).
[   30.624481] cloud-init[[0;32m  OK  [0m] Reached target Cloud-config availability.
[[0;32m  OK  [0m] Reached target Network is Online.
[859]: ci-info: ++++++++++++++++++++++++++++Route IPv4 info+++++++++++++++++++++++++++++
[   30.627675] cloud-init[859]: ci-info: +-------+-------------+----------+-----------------+-----------+-------+
[   30.629144] cloud-init[859]: ci-info: | Route | Destination | Gateway  |     Genmask     | Interface | Flags |
[   30.630574] cloud-init[859]: ci-info: +-------+-------------+----------+-----------------+-----------+-------+
[   30.632006] cloud-init[859]: ci-info: |   0   |   0.0.0.0   | 10.0.2.2 |     0.0.0.0     |   enp0s3  |   UG  |
[[0;32m  OK  [0m] Reached target Remote File Systems (Pre).
[[0;32m  OK  [0m] Reached target Remote File Systems.
[   30.648198] cloud-init[859]: ci-info: |   1   |   10.0.2.0  | 0.0.0.0  |  255.255.255.0  |   enp0s3  |   U   |
         Starting Availability of block devices...
[   30.719244] [[0;32m  OK  [0m] Reached target System Initialization.
cloud-init         Starting LXD - unix socket.
[[0;32m  OK  [0m] Started Daily Cleanup of Temporary Directories.
[[0;32m  OK  [0m] Started Discard unused blocks once a week.
[[0;32m  OK  [0m] Listening on ACPID Listen Socket.
[[0;32m  OK  [0m] Started Daily apt download activities.
[[0;32m  OK  [0m] Listening on Open-iSCSI iscsid Socket.
[[0;32m  OK  [0m] Listening on D-Bus System Message Bus Socket.
[[0;32m  OK  [0m] Started Message of the Day.
[[0;32m  OK  [0m] Listening on UUID daemon activation socket.
[[0;32m  OK  [0m] Started Daily apt upgrade and clean activities.
[[0;32m  OK  [0m] Reached target Timers.
         Starting Socket activation for snappy daemon.
[[0;32m  OK  [0m] Started ACPI Events Check.
[[0;32m  OK  [0m] Reached target Paths.
[859]: ci-info: |   2   |   10.0.2.2  | 0.0.0.0  | 255.255.255.255 |   enp0s3  |   UH  |
[[0;32m  OK  [0m] Started Availability of block devices.
[   30.754206] [[0;32m  OK  [0m] Listening on LXD - unix socket.
[[0;32m  OK  [0m] Listening on Socket activation for snappy daemon.
[[0;32m  OK  [0m] Reached target Sockets.
[[0;32m  OK  [0m] Reached target Basic System.
cloud-init[859]: ci-info: +-------+-------------+----------+-----------------+-----------+-------+         Starting Discard unused blocks...

[   30.758870]          Starting LSB: automatic crash report generation...
cloud-init[859]: [[0;32m  OK  [0m] Started FUSE filesystem for LXC.
ci-info: +++++++++++++++++++Route IPv6 info+++++++++++++++++++         Starting Permit User Sessions...

         Starting Login Service...
[[0;32m  OK  [0m] Started D-Bus System Message Bus.
[   30.768623] cloud-init[859]: ci-info: +-------+-------------+---------+-----------+-------+
[   30.797650] cloud-init[859]: ci-info: | Route | Destination | Gateway | Interface | Flags |
[   30.820262] cloud-init[859]: ci-info: +-------+-------------+---------+-----------+-------+
[   30.860248] cloud-init[859]: ci-info: |   1   |  fe80::/64  |    ::   |   enp0s3  |   U   |
[   30.872302] cloud-init[859]: ci-info: |   3   |    local    |    ::   |   enp0s3  |   U   |
         Starting Accounts Service...
[   30.909726] cloud-init[859]: ci-info: |   4   |   ff00::/8  |    ::   |   enp0s3  |   U   |
         Starting System Logging Service...
[   30.988630] cloud-init[859]: ci-info: +-------+-------------+---------+-----------+-------+
[[0;32m  OK  [0m] Started Regular background program processing daemon.
         Starting Message of the Day...
         Starting LSB: Record successful boot for GRUB...
         Starting Snappy daemon...
         Starting OpenBSD Secure Shell server...
[[0;32m  OK  [0m] Started Deferred execution scheduler.
         Starting Virtualbox guest utils...
[[0;32m  OK  [0m] Started irqbalance daemon.
         Starting Dispatcher daemon for systemd-networkd...
         Starting LXD - container startup/shutdown...
[[0;32m  OK  [0m] Started System Logging Service.
[[0;32m  OK  [0m] Started Discard unused blocks.
[[0;32m  OK  [0m] Started Permit User Sessions.
[[0;32m  OK  [0m] Started Login Service.
[[0;32m  OK  [0m] Started OpenBSD Secure Shell server.
[[0;32m  OK  [0m] Started LSB: automatic crash report generation.
         Starting Authorization Manager...
[[0;32m  OK  [0m] Started Unattended Upgrades Shutdown.
         Starting Hold until boot process finishes up...
         Starting Terminate Plymouth Boot Screen...
[[0;32m  OK  [0m] Started LSB: Record successful boot for GRUB.
[[0;32m  OK  [0m] Started Hold until boot process finishes up.
[[0;32m  OK  [0m] Started Terminate Plymouth Boot Screen.
         Starting Set console scheme...
[[0;32m  OK  [0m] Started Serial Getty on ttyS0.
[[0;32m  OK  [0m] Started Virtualbox guest utils.
[[0;32m  OK  [0m] Started Authorization Manager.
[[0;32m  OK  [0m] Started Accounts Service.
[[0;32m  OK  [0m] Started Set console scheme.
[[0;32m  OK  [0m] Created slice system-getty.slice.
[[0;32m  OK  [0m] Started Getty on tty1.
[[0;32m  OK  [0m] Reached target Login Prompts.
[[0;32m  OK  [0m] Started LXD - container startup/shutdown.
[[0;32m  OK  [0m] Started Dispatcher daemon for systemd-networkd.
[[0;32m  OK  [0m] Started Snappy daemon.
         Starting Wait until snapd is fully seeded...
[[0;32m  OK  [0m] Started Wait until snapd is fully seeded.
         Starting Apply the settings specified in cloud-config...
[[0;32m  OK  [0m] Reached target Multi-User System.
[[0;32m  OK  [0m] Reached target Graphical Interface.
         Starting Update UTMP about System Runlevel Changes...
[[0;32m  OK  [0m] Started Update UTMP about System Runlevel Changes.
[[0;32m  OK  [0m] Started Message of the Day.
[   33.695833] cloud-init[1424]: Cloud-init v. 19.2-36-g059d049c-0ubuntu2~18.04.1 running 'modules:config' at Tue, 12 Nov 2019 17:57:56 +0000. Up 33.59 seconds.
[[0;32m  OK  [0m] Started Apply the settings specified in cloud-config.
         Starting Execute cloud user/final scripts...
[   34.213172] cloud-init[1492]: Cloud-init v. 19.2-36-g059d049c-0ubuntu2~18.04.1 running 'modules:final' at Tue, 12 Nov 2019 17:57:56 +0000. Up 34.11 seconds.
[[   34.255215] cloud-init[1492]: Cloud-init v. 19.2-36-g059d049c-0ubuntu2~18.04.1 finished at Tue, 12 Nov 2019 17:57:56 +0000. Datasource DataSourceNoCloud [seed=/dev/sdb][dsmode=net].  Up 34.20 seconds
[0;32m  OK  [0m] Started Execute cloud user/final scripts.
[[0;32m  OK  [0m] Reached target Cloud-init target.
         Starting Daily apt download activities...
[[0;32m  OK  [0m] Created slice User Slice of vagrant.
         Starting User Manager for UID 1000...
[[0;32m  OK  [0m] Started Session 1 of user vagrant.
[[0;32m  OK  [0m] Started User Manager for UID 1000.

Ubuntu 18.04.3 LTS ubuntu1 ttyS0

ubuntu1 login: 